0.6.4_stage.maemo.org_.svn.maemo.projects.haf.tags.clipboard-manager._14994_.tar.gz
1.7.4.tar.bz2
37962
DeviceKit-003.tar.gz
DeviceKit-power-014.tar.gz
GitPython-0.3.2.RC1.tar.gz
#JavaScriptCore_svn.webkit.org_.repository.webkit.trunk._31859_.tar.gz
#JavaScriptCore_svn.webkit.org_.repository.webkit.trunk._62027_.tar.gz
#JavaScriptCore_svn.webkit.org_.repository.webkit.trunk._72836_.tar.gz
#JavaScriptGlue_svn.webkit.org_.repository.webkit.trunk._31859_.tar.gz
#JavaScriptGlue_svn.webkit.org_.repository.webkit.trunk._62027_.tar.gz
#JavaScriptGlue_svn.webkit.org_.repository.webkit.trunk._72836_.tar.gz
LIN_EMGD_1_10_RC_2209.tgz
#LIN_IEMGD_1_14_GOLD_2443.tgz
#LIN_IEMGD_1_16_GOLD_3228.tgz
LIN_IEMGD_1_18_GOLD_3398.tgz
MC&DriverOnlyInstallers.zip
SGMLSpm-1.03ii.tar.gz
#Source_svn.webkit.org_.repository.webkit.trunk._101488_.tar.gz
#Source_svn.webkit.org_.repository.webkit.trunk._114564_.tar.gz
#Source_svn.webkit.org_.repository.webkit.trunk._90727_.tar.gz
#Tools_svn.webkit.org_.repository.webkit.trunk._101488_.tar.gz
#Tools_svn.webkit.org_.repository.webkit.trunk._114564_.tar.gz
#Tools_svn.webkit.org_.repository.webkit.trunk._90727_.tar.gz
#Tremor_svn.xiph.org_.trunk_17157_.tar.gz
#Tremor_svn.xiph.org_.trunk_17572_.tar.gz
#Tremor_svn.xiph.org_.trunk_17636_.tar.gz
#Tremor_svn.xiph.org_.trunk_18163_.tar.gz
Tremor_svn.xiph.org_.trunk_18221_.tar.gz
#Tremor_svn.xiph.org_.trunk_4573_.tar.gz
#WebCore_svn.webkit.org_.repository.webkit.trunk._31859_.tar.gz
#WebCore_svn.webkit.org_.repository.webkit.trunk._62027_.tar.gz
#WebCore_svn.webkit.org_.repository.webkit.trunk._72836_.tar.gz
#WebKitLibraries_svn.webkit.org_.repository.webkit.trunk._101488_.tar.gz
#WebKitLibraries_svn.webkit.org_.repository.webkit.trunk._114564_.tar.gz
#WebKitLibraries_svn.webkit.org_.repository.webkit.trunk._31859_.tar.gz
#WebKitLibraries_svn.webkit.org_.repository.webkit.trunk._62027_.tar.gz
#WebKitLibraries_svn.webkit.org_.repository.webkit.trunk._72836_.tar.gz
#WebKitLibraries_svn.webkit.org_.repository.webkit.trunk._90727_.tar.gz
#WebKitTools_svn.webkit.org_.repository.webkit.trunk._31859_.tar.gz
#WebKitTools_svn.webkit.org_.repository.webkit.trunk._62027_.tar.gz
#WebKitTools_svn.webkit.org_.repository.webkit.trunk._72836_.tar.gz
#WebKit_svn.webkit.org_.repository.webkit.trunk._31859_.tar.gz
#WebKit_svn.webkit.org_.repository.webkit.trunk._62027_.tar.gz
#WebKit_svn.webkit.org_.repository.webkit.trunk._72836_.tar.gz
aarch64-0001-glibc-fsf-v1-eaf6f205.patch
aarch64-0002-Synchronize-with-linux-elf.h.patch
aarch64-0003-Adding-AArch64-support-to-elf-elf.h.patch
#acl-2.2.49.src.tar.gz
#acl-2.2.51.src.tar.gz
acl-2.2.52.src.tar.gz
acpica-unix2-20140114.tar.gz
add-dom-functions.patch
add-end-element-signal.patch
#agent_dev.eclipse.org_.svnroot.dsdp.org.eclipse.tm.tcf.trunk_1855_.tar.gz
amd-gpu-x11-bin-mx51-11.09.01.bin
apmd_3.2.2-14.diff.gz
apmd_3.2.2.orig.tar.gz
#apps.update-rc.d_anoncvs.handhelds.org_r0_7_.tar.gz
#arm-2005q3-2-arm-none-eabi.src.tar.bz2
aspell-0.60.6.1.tar.gz.1
at-import_box-pos.patch
#at_3.1.12.orig.tar.gz
#at_3.1.13.orig.tar.gz
#at_3.1.14.orig.tar.gz
#at_3.1.15.orig.tar.gz
at_3.1.16.orig.tar.gz
#attr-2.4.44.src.tar.gz
#attr-2.4.46.src.tar.gz
attr-2.4.47.src.tar.gz
#autotools_svn.webkit.org_.repository.webkit.trunk._62027_.tar.gz
#autotools_svn.webkit.org_.repository.webkit.trunk._72836_.tar.gz
#bash32-001
#bash32-002
#bash32-003
#bash32-004
#bash32-005
#bash32-006
#bash32-007
#bash32-008
#bash32-009
#bash32-010
#bash32-011
#bash32-012
#bash32-013
#bash32-014
#bash32-015
#bash32-016
#bash32-017
#bash32-018
#bash32-019
#bash32-020
#bash32-021
#bash32-022
#bash32-023
#bash32-024
#bash32-025
#bash32-026
#bash32-027
#bash32-028
#bash32-029
#bash32-030
#bash32-031
#bash32-032
#bash32-033
#bash32-034
#bash32-035
#bash32-036
#bash32-037
#bash32-038
#bash32-039
#bash32-049
#bash32-050
#bash32-051
#bash32-052
#bash32-053
#bash32-054
#bash32-055
#bash32-056
#bash32-057
#bash41-001
#bash41-002
#bash41-003
#bash41-004
#bash41-005
#bash41-006
#bash41-007
#bash42-001
#bash42-002
#bash42-003
#bash42-004
#bash42-005
#bash42-006
#bash42-007
#bash42-008
#bash42-009
#bash42-010
bash43-001
bash43-002
bash43-003
bash43-004
bash43-005
bash43-006
bash43-007
bash43-008
bash43-009
bash43-010
bash43-011
bash43-012
bash43-013
bash43-014
bash43-015
bash43-016
bash43-017
bash43-018
bash43-019
bash43-020
bash43-021
bash43-022
bash43-023
bash43-024
bash43-025
bash43-026
bash43-027
bash43-028
bash43-029
bash43-030
bdwgc-7_2alpha5-20110107.tar.bz2
bickley-0.4_20091124.tar.bz2
#big_buck_bunny_720p_stereo.ogg
blktool_4-6.1.diff.gz
blktool_4-6.diff.gz
blktool_4.orig.tar.gz
bognor-regis-0.5.0_20091116.tar.bz2
#busybox-1.9.1-lineedit.patch
#byacc-20100610.tgz
#byacc-20101127.tgz
#byacc-20101229.tgz
#byacc-20110908.tgz
#byacc-20111219.tgz
#byacc-20120115.tgz
#byacc-20120526.tgz
#byacc-20121003.tgz
#byacc-20130304.tgz
#byacc-20130925.tgz
#byacc-20140101.tgz
#byacc-20140422.tgz
#byacc-20140715.tgz
#byacc-20141006.tgz
byacc-20141128.tgz
calgary.tar.gz
cantrbry.tar.gz
#cdrtools-3.01a17.tar.bz2
cdrtools-3.01a20.tar.bz2
chrpath_0.13.orig.tar.gz
client-bif-22102008.tar.bz2
common-bif-22102008.tar.bz2
#config-3155524.tar.gz
#config_cvs.sv.gnu.org__20050701.tar.gz
#config_cvs.sv.gnu.org__20080123.tar.gz
coreutils-8.23-man.tar.xz
css-media.patch
css-stylesheet-user.patch
#cups-1.4.6-source.tar.bz2
#cups-1.6.1-source.tar.bz2
#cups-1.6.2-source.tar.bz2
#cups-1.6.3-source.tar.bz2
#cups-1.6.4-source.tar.bz2
#cups-1.7.0-source.tar.bz2
#cups-1.7.1-source.tar.bz2
#cups-1.7.2-source.tar.bz2
#cups-1.7.3-source.tar.bz2
#cups-1.7.4-source.tar.bz2
#cups-1.7.5-source.tar.bz2
#cups-2.0.0-source.tar.bz2
#cups-2.0.1-source.tar.bz2
cups-2.0.2-source.tar.bz2
#cwautomacros-20090610.tar.bz2
cwautomacros-20110201.tar.bz2
#dbus-wait_svn.o-hand.com_.repos.misc.trunk_402_.tar.gz
#dbus-wait_svn.o-hand.com_.repos.misc.trunk_426_.tar.gz
desktop-folders_svn.o-hand.com_.repos.sato.trunk_76_.tar.gz
#diffstat_1.39-1.diff.gz
#diffstat_1.39.orig.tar.gz
diffstat_1.47-1.diff.gz
diffstat_1.47.orig.tar.gz
#docbk31.zip
docbk41.zip
docbook-xml_4.5.orig.tar.gz
#dosfstools-2.10.src.tar.gz
dosfstools-2.11.src.tar.gz
dpdk-1.6.0r2.tar.gz
#eglibc-2.16-svnr21224.tar.bz2
#eglibc-2.17-svnr22064.tar.bz2
#eglibc-2.18-svnr23379.tar.bz2
#eglibc-2.18-svnr23424.tar.bz2
#eglibc-2.18-svnr23532.tar.bz2
#eglibc-2.18-svnr23787.tar.bz2
eglibc-2.19-svnr25243.tar.bz2
#eglibc-2_12_svn.eglibc.org_.branches_10809_.tar.gz
#eglibc-2_12_www.eglibc.org_.svn.branches._10809_.tar.gz
#eglibc-2_12_www.eglibc.org_.svn.branches._11982_.tar.gz
#eglibc-2_13_www.eglibc.org_.svn.branches._13356_.tar.gz
#eglibc-2_13_www.eglibc.org_.svn.branches._14157_.tar.gz
#eglibc-2_13_www.eglibc.org_.svn.branches._15508_.tar.gz
#eglibc-2_14_www.eglibc.org_.svn.branches._14285_.tar.gz
#eglibc-2_14_www.eglibc.org_.svn.branches._15225_.tar.gz
#eglibc-2_15_www.eglibc.org_.svn.branches._16540_.tar.gz
#eglibc-2_15_www.eglibc.org_.svn.branches._17386_.tar.gz
#eglibc-2_15_www.eglibc.org_.svn.branches._19294_.tar.gz
#eglibc-2_16_www.eglibc.org_.svn.branches._19383_.tar.gz
#eglibc-2_16_www.eglibc.org_.svn.branches._19922_.tar.gz
#eglibc-2_16_www.eglibc.org_.svn.branches._20393_.tar.gz
epl-v10.html
expect5.45.tar.gz
export_atags-r0a.patch
fakechroot_2.9-1.1.diff.gz
fakechroot_2.9.orig.tar.gz
fakeroot_1.14.4.orig.tar.bz2
#firmware-imx-1.1.0.bin
#firmware-imx-11.09.01.bin
#firmware-imx-12.09.01.bin
#firmware-imx-3.0.35-4.0.0.bin
#firmware-imx-3.10.17-1.0.0.bin
#firmware-imx-3.10.31-1.1.0-beta.bin
firmware-imx-3.10.53-1.1.0.bin
firmware-imx-3.14.28-1.0.0.bin
#firmware-imx-3.5.7-1.0.0.bin
#flex-2.5.31.tar.bz2.1
#flex-2.5.31.tar.bz2.2
fontconfig
#fstests_svn.o-hand.com_.repos.misc.trunk_266_.tar.gz
fstests_svn.o-hand.com_.repos.misc.trunk_426_.tar.gz
#gaku_svn.o-hand.com_.repos.misc.trunk_375_.tar.gz
gaku_svn.o-hand.com_.repos.misc.trunk_399_.tar.gz
#gcc-4_6-branch_gcc.gnu.org_.svn.gcc.branches_175150_.tar.gz
#gcc-4_6-branch_gcc.gnu.org_.svn.gcc.branches_175454_.tar.gz
#gcc-4_6-branch_gcc.gnu.org_.svn.gcc.branches_178924_.tar.gz
#gcc-4_6-branch_gcc.gnu.org_.svn.gcc.branches_180099_.tar.gz
#gcc-4_6-branch_gcc.gnu.org_.svn.gcc.branches_181430_.tar.gz
#gcc-4_6-branch_gcc.gnu.org_.svn.gcc.branches_184847_.tar.gz
#gcc-4_7-branch_gcc.gnu.org_.svn.gcc.branches_186651_.tar.gz
#gcc-4_7-branch_gcc.gnu.org_.svn.gcc.branches_188658_.tar.gz
#genext2fs_1.3.orig.tar.gz
genext2fs_1.4.1.orig.tar.gz
git2_anongit.freedesktop.org.git.mesa.drm.tar.gz
git2_anongit.freedesktop.org.git.mesa.mesa.tar.gz
git2_anongit.freedesktop.org.git.xorg.lib.libXCalibrate.tar.gz
git2_anongit.freedesktop.org.git.xorg.proto.calibrateproto.tar.gz
git2_anongit.freedesktop.org.git.xorg.proto.presentproto.tar.gz
git2_anongit.freedesktop.org.git.xorg.xserver.tar.gz
git2_anongit.freedesktop.org.gummiboot.tar.gz
git2_anongit.freedesktop.org.piglit.tar.gz
git2_anongit.freedesktop.org.pkg-config.tar.gz
git2_anongit.freedesktop.org.systemd.systemd-stable.tar.gz
git2_anongit.freedesktop.org.systemd.systemd.tar.gz
git2_anongit.freedesktop.org.xorg.driver.xf86-video-omap.tar.gz
git2_anongit.freedesktop.org.xorg.lib.libxkbcommon.tar.gz
git2_anonscm.debian.org.collab-maint.ca-certificates.git.tar.gz
git2_dev.laptop.org.projects.soc-gtk..tar.gz
git2_git.0pointer.net.libdaemon.git.tar.gz
git2_git.0pointer.net.nss-mdns.git.tar.gz
git2_git.0pointer.net.nss-myhostname.git.tar.gz
git2_git.clutter-project.org.clutter-gst.git.tar.gz
git2_git.clutter-project.org.clutter-gtk.git.tar.gz
git2_git.clutter-project.org.clutter.git.tar.gz
git2_git.code.sf.net.p.gptfdisk.code.tar.gz
git2_git.debian.org.git.debian-eeepc.eeepc-acpi-scripts.git.tar.gz
git2_git.denx.de.mxsldr.git.tar.gz
git2_git.denx.de.u-boot.git.tar.gz
git2_git.eclipse.org.gitroot.tcf.org.eclipse.tcf.agent.git.tar.gz
git2_git.efficios.com.babeltrace.git.tar.gz
git2_git.fedorahosted.org.git.newt.tar.gz
#git2_git.freescale.com.imx.linux-2.6-imx.git.tar.gz
git2_git.freescale.com.ppc.sdk.boot-format.git.tar.gz
#git2_git.freescale.com.ppc.sdk.linux.git.tar.gz
#git2_git.freescale.com.ppc.sdk.u-boot.git.tar.gz
git2_git.gnome.org.clutter-box2d.git.tar.gz
git2_git.gnome.org.clutter.tar.gz
git2_git.gnome.org.cogl.tar.gz
git2_git.gnome.org.contacts.tar.gz
git2_git.gnome.org.dates.tar.gz
git2_git.gnome.org.evolution-data-server.tar.gz
git2_git.gnome.org.gobject-introspection.tar.gz
git2_git.gnome.org.gtk-doc-stub.tar.gz
git2_git.gnome.org.mobile-broadband-provider-info.tar.gz
git2_git.gnome.org.sysprof.tar.gz
git2_git.infradead.org.mtd-utils.git.tar.gz
#git2_git.infradead.org.users.dwmw2.linux-firmware.git.tar.gz
git2_git.kernel.dk.blktrace.git.tar.gz
git2_git.kernel.org.pub.scm.bluetooth.libgdbus.git.tar.gz
git2_git.kernel.org.pub.scm.boot.efilinux.efilinux.git.tar.gz
git2_git.kernel.org.pub.scm.linux.kernel.git.cjb.mmc-utils.git.tar.gz
#git2_git.kernel.org.pub.scm.linux.kernel.git.clrkwllms.rt-tests.git.tar.gz
#git2_git.kernel.org.pub.scm.linux.kernel.git.dwmw2.linux-firmware.git.tar.gz
git2_git.kernel.org.pub.scm.linux.kernel.git.firmware.linux-firmware.git.tar.gz
git2_git.kernel.org.pub.scm.linux.kernel.git.kdave.btrfs-progs.git.tar.gz
git2_git.kernel.org.pub.scm.linux.kernel.git.mason.btrfs-progs-unstable.git.tar.gz
git2_git.kernel.org.pub.scm.linux.kernel.git.mason.btrfs-progs.git.tar.gz
git2_git.kernel.org.pub.scm.linux.kernel.git.rostedt.trace-cmd.git.tar.gz
git2_git.kernel.org.pub.scm.linux.kernel.git.shemminger.iproute2.git.tar.gz
git2_git.kernel.org.pub.scm.network.connman.connman-gnome.git.tar.gz
git2_git.kernel.org.pub.scm.network.connman.connman.git.tar.gz
git2_git.kernel.org.pub.scm.network.nfc.neard.git.tar.gz
git2_git.kernel.org.pub.scm.utils.dtc.dtc.git.tar.gz
git2_git.kernel.org.pub.scm.utils.kernel.kmod.kmod.git.tar.gz
git2_git.lttng.org.lttng-modules.git.tar.gz
git2_git.lttng.org.lttng-tools.git.tar.gz
git2_git.lttng.org.lttng-ust.git.tar.gz
git2_git.moblin.org.mutter.git.tar.gz
git2_git.o-hand.com.qemugl.git.tar.gz
git2_git.openssl.org.openssl.git.tar.gz
git2_git.pingu.fi.xf86-video-omapfb.git.tar.gz
git2_git.pingu.fi.xf86-video-omapfb.tar.gz
git2_git.pokylinux.org.libfakekey.tar.gz
#git2_git.pokylinux.org.linux-2.6-windriver.git.tar.gz
#git2_git.pokylinux.org.linux-yocto-2.6.37.tar.gz
#git2_git.pokylinux.org.linux-yocto-2.6.37.tar.gz.bad
#git2_git.pokylinux.org.linux-yocto-3.0.tar.gz
#git2_git.pokylinux.org.linux-yocto-dev.git.tar.gz
git2_git.pokylinux.org.matchbox-config-gtk.tar.gz
git2_git.pokylinux.org.matchbox-desktop-2.tar.gz
git2_git.pokylinux.org.matchbox-keyboard.tar.gz
git2_git.pokylinux.org.matchbox-panel-2.tar.gz
git2_git.pokylinux.org.matchbox-stroke.tar.gz
git2_git.pokylinux.org.matchbox-terminal.tar.gz
git2_git.pokylinux.org.matchbox-window-manager.tar.gz
git2_git.pokylinux.org.oprofileui.tar.gz
git2_git.pokylinux.org.prelink-cross.git.tar.gz
git2_git.pokylinux.org.swabber.tar.gz
git2_git.pokylinux.org.xsettings-daemon.tar.gz
git2_git.pokylinux.org.yocto-kernel-tools.git.tar.gz
#git2_git.profusion.mobi.kmod.git.tar.gz
git2_git.qemu.org.qemu.git.tar.gz
git2_git.yoctoproject.org.dbus-wait.tar.gz
git2_git.yoctoproject.org.fstests.tar.gz
git2_git.yoctoproject.org.gaku.tar.gz
git2_git.yoctoproject.org.gtk-sato-engine.tar.gz
git2_git.yoctoproject.org.libfakekey.tar.gz
git2_git.yoctoproject.org.libmatchbox.tar.gz
git2_git.yoctoproject.org.libowl-av.tar.gz
git2_git.yoctoproject.org.libowl.tar.gz
#git2_git.yoctoproject.org.linux-yocto-2.6.37.tar.gz
#git2_git.yoctoproject.org.linux-yocto-3.0-1.1.x.git.tar.gz
#git2_git.yoctoproject.org.linux-yocto-3.0.git.tar.gz
#git2_git.yoctoproject.org.linux-yocto-3.0.tar.gz
#git2_git.yoctoproject.org.linux-yocto-3.0.tar.gz.1
#git2_git.yoctoproject.org.linux-yocto-3.10.git.tar.gz
#git2_git.yoctoproject.org.linux-yocto-3.10.tar.gz
#git2_git.yoctoproject.org.linux-yocto-3.14.git.tar.gz
#git2_git.yoctoproject.org.linux-yocto-3.17.git.tar.gz
#git2_git.yoctoproject.org.linux-yocto-3.19.git.tar.gz
#git2_git.yoctoproject.org.linux-yocto-3.2.git.tar.gz
#git2_git.yoctoproject.org.linux-yocto-3.2.tar.gz
#git2_git.yoctoproject.org.linux-yocto-3.4.git.tar.gz
#git2_git.yoctoproject.org.linux-yocto-3.4.tar.gz
#git2_git.yoctoproject.org.linux-yocto-3.8.git.tar.gz
#git2_git.yoctoproject.org.linux-yocto-3.8.tar.gz
#git2_git.yoctoproject.org.linux-yocto-dev.git.tar.gz
git2_git.yoctoproject.org.matchbox-config-gtk.tar.gz
git2_git.yoctoproject.org.matchbox-desktop-2.tar.gz
git2_git.yoctoproject.org.matchbox-desktop-sato.tar.gz
git2_git.yoctoproject.org.matchbox-keyboard.tar.gz
git2_git.yoctoproject.org.matchbox-panel-2.tar.gz
git2_git.yoctoproject.org.matchbox-sato.tar.gz
git2_git.yoctoproject.org.matchbox-stroke.tar.gz
git2_git.yoctoproject.org.matchbox-terminal.tar.gz
git2_git.yoctoproject.org.matchbox-window-manager-2.tar.gz
git2_git.yoctoproject.org.matchbox-window-manager.tar.gz
git2_git.yoctoproject.org.oh-puzzles.tar.gz
git2_git.yoctoproject.org.opkg-utils.tar.gz
git2_git.yoctoproject.org.oprofileui.tar.gz
git2_git.yoctoproject.org.owl-video.tar.gz
#git2_git.yoctoproject.org.poky.tar.gz
git2_git.yoctoproject.org.prelink-cross.git.tar.gz
git2_git.yoctoproject.org.pseudo.tar.gz
git2_git.yoctoproject.org.psplash.tar.gz
git2_git.yoctoproject.org.qemugl.tar.gz
git2_git.yoctoproject.org.screenshot.tar.gz
git2_git.yoctoproject.org.swabber.tar.gz
git2_git.yoctoproject.org.test-xvideo.tar.gz
git2_git.yoctoproject.org.web-sato.tar.gz
git2_git.yoctoproject.org.web-webkit.tar.gz
git2_git.yoctoproject.org.xsettings-daemon.tar.gz
git2_git.yoctoproject.org.yocto-kernel-tools.git.tar.gz
git2_git.yoctoproject.org.zaurusd.tar.gz
git2_github.com.Cyan4973.lz4.git.tar.gz
#git2_github.com.Freescale.linux-mainline.git.tar.gz
git2_github.com.Freescale.u-boot-fslc.git.tar.gz
#git2_github.com.Freescale.u-boot-imx.git.tar.gz
git2_github.com.anholt.libepoxy.git.tar.gz
#git2_github.com.clrkwllms.rt-tests.git.tar.gz
git2_github.com.clutter-project.mx.git.tar.gz
git2_github.com.connectivity.connman-gnome.git.tar.gz
git2_github.com.cryptodev-linux.cryptodev-linux.git.tar.gz
git2_github.com.dv1.eglinfo.git.tar.gz
git2_github.com.gitpan.SGMLSpm.tar.gz
#git2_github.com.hjl-tools.glibc.git.tar.gz
#git2_github.com.hjl-tools.linux.git.tar.gz
git2_github.com.kergoth.chkconfig.tar.gz
git2_github.com.kraj.localedef.tar.gz
git2_github.com.linux-test-project.ltp.git.tar.gz
git2_github.com.metabrainz.libmusicbrainz.git.tar.gz
#git2_github.com.mirrors.gcc.git.tar.gz
git2_github.com.mmeeks.bootchart.git.tar.gz
git2_github.com.nmav.cryptodev-linux.git.tar.gz
git2_github.com.openSUSE.build-compare.git.tar.gz
#git2_github.com.openSUSE.libzypp.git.tar.gz
#git2_github.com.openSUSE.sat-solver.git.tar.gz
git2_github.com.openSUSE.zypper.git.tar.gz
git2_github.com.philb.update-rc.d.git.tar.gz
git2_github.com.rocky.remake.git.tar.gz
git2_github.com.rossburton.eds-tools.git.tar.gz
git2_github.com.sdroege.gst-player.git.tar.gz
git2_github.com.tias.xinput_calibrator.git.tar.gz
git2_github.com.wrpseudo.pseudo.git.tar.gz
git2_github.com.xinetd-org.xinetd.git.tar.gz
git2_gitorious.org.iucode-tool.iucode-tool.git.tar.gz
#git2_gitorious.org.opensuse.libzypp.git.tar.gz
#git2_gitorious.org.opensuse.sat-solver.git.tar.gz
git2_gitorious.org.opensuse.zypper.git.tar.gz
git2_gitorious.org.vaapi.gstreamer-vaapi.git.tar.gz
git2_gitorious.org.x-loader.x-loader.git.tar.gz
git2_meego.gitorious.org.meego-os-base.gconf-dbus.git.tar.gz
git2_repo.or.cz.guilt.git.tar.gz
git2_review.coreboot.org.p.coreboot.tar.gz
#git2_sources.redhat.com.git.systemtap.git.tar.gz
git2_sourceware.org.git.binutils-gdb.git.tar.gz
git2_sourceware.org.git.glibc.git.tar.gz
git2_sourceware.org.git.systemtap.git.tar.gz
git2_www.jdl.com.software.dtc.git.tar.gz
#git_anongit.freedesktop.org.git.ccss.git.tar.gz
#git_anongit.freedesktop.org.git.ccss.git_62697eb84fe190f9b8c65fcbaae10ec3d9edfffd.tar.gz
#git_anongit.freedesktop.org.git.ohm._edfe25d49d67884bf004de7ae0724c162bb5e65e.tar.gz
#git_anongit.freedesktop.org.git.xorg.driver.xf86-video-intel.tar.gz
#git_anongit.freedesktop.org.git.xorg.driver.xf86-video-intel_87ea531c5dc5b39809395b277c330854aaaaf019.tar.gz
#git_anongit.freedesktop.org.git.xorg.lib.libXCalibrate.tar.gz
#git_anongit.freedesktop.org.git.xorg.lib.libXCalibrate_209d83af61ed38a002c8096377deac292b3e396c.tar.gz
#git_anongit.freedesktop.org.git.xorg.lib.libXCalibrate_7b8e29186097170e930de634a4a68072558aa056.tar.gz
#git_anongit.freedesktop.org.git.xorg.proto.calibrateproto.tar.gz
#git_anongit.freedesktop.org.git.xorg.proto.calibrateproto_1da6fd1e2c7a49648245c98481fabea8b9690a8c.tar.gz
#git_dev.laptop.org.projects.soc-gtk._99962ae39bb5aadb31929b25c58e1a053f9c9545.tar.gz
#git_git.clutter-project.org.clutter-box2d.git.tar.gz
#git_git.clutter-project.org.clutter-box2d.git_2bcf5b836548dc4909e13b8ae7f60dc64c93d559.tar.gz
#git_git.clutter-project.org.clutter-cairo.git.tar.gz
#git_git.clutter-project.org.clutter-cairo.git_4dc4ef712ddc890d828a1cb65a69a835285af548.tar.gz
#git_git.clutter-project.org.clutter-cairo.git_e27e507dedddec3f279a2902ecee0da1011c78eb.tar.gz
#git_git.clutter-project.org.clutter-gst.git.tar.gz
#git_git.clutter-project.org.clutter-gst.git_1c3dc539057dbcd6dd75f2cb5b4ba39b741892bd.tar.gz
#git_git.clutter-project.org.clutter-gst.git_7a60a435fb0930d911e26158928ab53bda090f3e.tar.gz
#git_git.clutter-project.org.clutter-gst.git_8a087fabc888a6a4a939760c392109dbb610adbf.tar.gz
#git_git.clutter-project.org.clutter-gst.git_d48c6fc67b48304f90e51b520631c1ecc10410af.tar.gz
#git_git.clutter-project.org.clutter-gtk.git.tar.gz
#git_git.clutter-project.org.clutter-gtk.git_2ba362a1a223c2b28541030a80aa11191615340a.tar.gz
#git_git.clutter-project.org.clutter-gtk.git_7d3c3230376e731c06c21afa9d8c1d44dbea27cd.tar.gz
#git_git.clutter-project.org.clutter-gtk.git_b92329c4c1288019e2dea6567e2b5e98eb0a9992.tar.gz
#git_git.clutter-project.org.clutter-gtk.git_e8d828ba1d87937baa571e68fdff22f3e2d79ca8.tar.gz
#git_git.clutter-project.org.clutter-mozembed.git.tar.gz
#git_git.clutter-project.org.clutter-mozembed.git_738d017beb5579b2ff6e4d992d4889b61c974751.tar.gz
#git_git.clutter-project.org.clutter.git.tar.gz
#git_git.clutter-project.org.clutter.git_3ba37ff115ed3fbe6c94195775941091a3ac2b30.tar.gz
#git_git.clutter-project.org.clutter.git_62e852a51e29dd42c84d6b34fe23b80b2542be59.tar.gz
#git_git.clutter-project.org.clutter.git_ce5025d0a2b701541ca9343686f9dac858905da4.tar.gz
#git_git.clutter-project.org.clutter.git_e957e277b8a4893ce8c99e94402036d42a8b3748.tar.gz
#git_git.clutter-project.org.tidy.git.tar.gz
#git_git.clutter-project.org.tidy.git_e25416e1293e1074bfa6727c80527dcff5b1f3cb.tar.gz
#git_git.debian.org.git.debian-eeepc.eeepc-acpi-scripts.git.tar.gz
#git_git.debian.org.git.debian-eeepc.eeepc-acpi-scripts.git_df785afdacedf869b20fb88a793c13b539819270.tar.gz
#git_git.debian.org.git.debian-eeepc.eeepc-acpi-scripts.git_e224937ba51165e2a52252f9a113c8a82c01bb36.tar.gz
#git_git.denx.de.u-boot.git.tar.gz
#git_git.denx.de.u-boot.git_v2010.12.tar.gz
#git_git.gnome.org.contacts.tar.gz
#git_git.gnome.org.contacts_19853893fdb595de6aa59db0d9dc2f9451ed2933.tar.gz
#git_git.gnome.org.contacts_c8e6b16222d5bc9d8f60ae6594af4933613a4e25.tar.gz
#git_git.gnome.org.dates.tar.gz
#git_git.gnome.org.dates_514185dc1f6588085fda41eb59898b93d0487dd4.tar.gz
#git_git.gnome.org.dates_f8a6271eb45c4ec912466923c045fc960a4d894a.tar.gz
#git_git.gnome.org.evolution-data-server.tar.gz
#git_git.gnome.org.evolution-data-server_3c9933541d722c0b17a95a23d5f518745d4aad27.tar.gz
#git_git.gnome.org.evolution-data-server_7337d11aed576e7caaa12b4e881ad8d33668799f.tar.gz
#git_git.gnome.org.evolution-data-server_ed729af002b935f7ab8542f4177919859dfc22c2.tar.gz
#git_git.gnome.org.jana.tar.gz
#git_git.gnome.org.jana_9ec1da8a534e87a83a6d729b48a41ca7b9cfb7b7.tar.gz
#git_git.gnome.org.mobile-broadband-provider-info.tar.gz
#git_git.gnome.org.mobile-broadband-provider-info_35ef359c591cccd99380225fa431855b16a12edc.tar.gz
#git_git.gnome.org.sysprof.tar.gz
#git_git.gnome.org.sysprof_38a6af1f0a45e528fd2842983da71e0f23c70d6a.tar.gz
#git_git.infradead.org.mtd-utils.git.tar.gz
#git_git.infradead.org.mtd-utils.git_b995f89a81589be8d8a41c374a6df109d0ee12b3.tar.gz
#git_git.infradead.org.mtd-utils.git_v1.3.1.tar.gz
#git_git.infradead.org.mtd-utils.git_v1.4.1.tar.gz
#git_git.kernel.dk.blktrace.git.tar.gz
#git_git.kernel.dk.blktrace.git_1e09f6e9012826fca69fa07222b7bc53c3e629ee.tar.gz
#git_git.kernel.org.pub.scm.bluetooth.libgdbus.git.tar.gz
#git_git.kernel.org.pub.scm.bluetooth.libgdbus.git_aeab6e3c0185b271ca343b439470491b99cc587f.tar.gz
#git_git.kernel.org.pub.scm.linux.kernel.git.khilman.linux-omap-pm.git.tar.gz
#git_git.kernel.org.pub.scm.linux.kernel.git.rostedt.trace-cmd.git.tar.gz
#git_git.kernel.org.pub.scm.linux.kernel.git.rostedt.trace-cmd.git_0d252224626bd6926324f023a65f20c165232891.tar.gz
#git_git.kernel.org.pub.scm.linux.kernel.git.rostedt.trace-cmd.git_6c696cec3f264a9399241b6e648f58bc97117d49.tar.gz
#git_git.kernel.org.pub.scm.linux.kernel.git.tmlind.linux-omap-2.6.git.tar.gz
#git_git.kernel.org.pub.scm.linux.kernel.git.tmlind.linux-omap-2.6.git_58cf2f1425abfd3a449f9fe985e48be2d2555022.tar.gz
#git_git.kernel.org.pub.scm.network.connman.connman-gnome.git.tar.gz
#git_git.kernel.org.pub.scm.network.connman.connman-gnome.git_b589f4f89bff20d54682cc6b49efa86feac8adb4.tar.gz
#git_git.moblin.org.clutter-imcontext.git.tar.gz
#git_git.moblin.org.clutter-imcontext.git_2cb6f0ff153db639a489e58e36802e0e928b1968.tar.gz
#git_git.moblin.org.deprecated.xf86-video-psb.tar.gz
#git_git.moblin.org.deprecated.xf86-video-psb_b6b3bba06fe5a3fe0b1bd6e31a7369dd83812bab.tar.gz
#git_git.moblin.org.librest.git_fe5048c92199afc9a7e9aef0add7f0e2b004bb47.tar.gz
#git_git.moblin.org.libsynthesis.git.tar.gz
#git_git.moblin.org.libsynthesis.git_70f0065aa3b085bdf059830f95e5b5766eecb0bb.tar.gz
#git_git.moblin.org.moblin-app-installer.git.tar.gz
#git_git.moblin.org.moblin-app-installer.git_bc65c884d3a1ae37e69431417888126b2a3ea021.tar.gz
#git_git.moblin.org.moblin-gtk-engine.git_dff58e5f1b6c111a6c06e2385624e40d687ebf4f.tar.gz
#git_git.moblin.org.moblin-menus.git.tar.gz
#git_git.moblin.org.moblin-menus.git_1edfdab8234ec0b4bbc83fb706a15e08aa8a957a.tar.gz
#git_git.moblin.org.moblin-user-skel.git_356851e174085b874adb909e664aca321a047bcb.tar.gz
#git_git.moblin.org.moblin-web-browser.git.tar.gz
#git_git.moblin.org.moblin-web-browser.git_78ddd155cc297811720e4c4835d468ac6c4d9666.tar.gz
#git_git.moblin.org.mozilla-headless-services.git.tar.gz
#git_git.moblin.org.mozilla-headless-services.git_c679b95dd8c2807b70186d233b3833861a499315.tar.gz
#git_git.moblin.org.mx.git.tar.gz
#git_git.moblin.org.mx.git_94934b5d03a31ce76c4f9eea8dcfb1d94b396906.tar.gz
#git_git.moblin.org.syncevolution.git.tar.gz
#git_git.moblin.org.syncevolution.git_29972357bf6582c318258b7bdf1feb13c0fef824.tar.gz
#git_git.o-hand.com.qemugl.git.tar.gz
#git_git.o-hand.com.qemugl.git_33466cd83c2a9d7d3fb9fe437fb6a4d6fbd866b9.tar.gz
#git_git.o-hand.com.qemugl.git_d888bbc723c00d197d34a39b5b7448660ec1b1c0.tar.gz
#git_git.openmoko.org.git.kernel.git.tar.gz
#git_git.openmoko.org.git.kernel.git_5ccaca2adb1c37b5955a4733f68ae08a755e3d78.tar.gz
#git_git.openmoko.org.git.xglamo.git.tar.gz
#git_git.openmoko.org.git.xglamo.git_a51364e2f23d4b6331c5ed613ce3f7e15f8e540f.tar.gz
#git_git.pokylinux.org.libfakekey.tar.gz
#git_git.pokylinux.org.libfakekey_e8c2e412ea4a417afc1f30e32cb7bdc508b1dccc.tar.gz
#git_git.pokylinux.org.linux-2.6-windriver.git.tar.gz
#git_git.pokylinux.org.linux-yocto-2.6.37.tar.gz
#git_git.pokylinux.org.matchbox-config-gtk.tar.gz
#git_git.pokylinux.org.matchbox-config-gtk_3ed74dfb7c57be088a5ab36e446c0ccde9fa1028.tar.gz
#git_git.pokylinux.org.matchbox-desktop-2.tar.gz
#git_git.pokylinux.org.matchbox-desktop-2_af7ed6775487380be73160aa0298bf6019765fad.tar.gz
#git_git.pokylinux.org.matchbox-keyboard.tar.gz
#git_git.pokylinux.org.matchbox-keyboard_b38f24036cff3be6c2fbcf9ca9881803e69003ac.tar.gz
#git_git.pokylinux.org.matchbox-panel-2.tar.gz
#git_git.pokylinux.org.matchbox-panel-2_982d9ea173dc87a84db2303d1a6a12607fc4d539.tar.gz
#git_git.pokylinux.org.matchbox-stroke.tar.gz
#git_git.pokylinux.org.matchbox-stroke_8edfd9a2bf1f0d6b28d4afee4bda9d3635f26a0b.tar.gz
#git_git.pokylinux.org.matchbox-terminal.tar.gz
#git_git.pokylinux.org.matchbox-terminal_3fc25cb811a8ed306de897edf9b930f4402f3852.tar.gz
#git_git.pokylinux.org.matchbox-window-manager.tar.gz
#git_git.pokylinux.org.matchbox-window-manager_e8236c9ab44a8af8137cac2a35fb87f9146a9656.tar.gz
#git_git.pokylinux.org.prelink-cross.git.tar.gz
#git_git.pokylinux.org.prelink-cross.git_909470ee441237563d6236c505cb2d02ddc48704.tar.gz
#git_git.pokylinux.org.swabber.tar.gz
#git_git.pokylinux.org.swabber_1ffb646ffd4266afae181286e45d1b6f7965c47e.tar.gz
#git_git.pokylinux.org.swabber_378808127f342c047bb6a706c986063045f2edfe.tar.gz
#git_git.pokylinux.org.swabber_a0792390c5d6d5a5bade7ab155c80eef3f30fa52.tar.gz
#git_git.pokylinux.org.wr-kernel-tools.git.tar.gz
#git_git.pokylinux.org.wr-kernel-tools.git_140693a6b0d81b7ba7175b6cfce11c6c22f81e24.tar.gz
#git_git.pokylinux.org.wr-kernel-tools.git_20d390ef5001d99a72c19a525751aeb76ca85a19.tar.gz
#git_git.pokylinux.org.wr-kernel-tools.git_21a4e80b39dc1e15cc4a9ee65a648051fd790ab8.tar.gz
#git_git.pokylinux.org.wr-kernel-tools.git_7086ef0feafa4050f3fdf7b7c0826a7c375a8f15.tar.gz
#git_git.pokylinux.org.wr-kernel-tools.git_72683bf61fdb83a1c0b4110763f803ff3e39f8ca.tar.gz
#git_git.pokylinux.org.wr-kernel-tools.git_796d7fef92b2eed449c17c14441587ff0c465368.tar.gz
#git_git.pokylinux.org.wr-kernel-tools.git_81bbb111b89d243191b865c8c6849af28e246d65.tar.gz
#git_git.pokylinux.org.wr-kernel-tools.git_9722d8decacd2b750f079b3fde7918810700f80e.tar.gz
#git_git.pokylinux.org.wr-kernel-tools.git_b865504d89477d7269d01152711cee7e0b71ae5e.tar.gz
#git_git.pokylinux.org.wr-kernel-tools.git_c85dcdd2dc50d71476a11c2960bf14c2b144b3c7.tar.gz
#git_git.pokylinux.org.wr-kernel-tools.git_cc019c59f0876e126ffa6d04ec4ea46715483fce.tar.gz
#git_git.pokylinux.org.wr-kernel-tools.git_f553af044615ba75c2b4b7ef1f382e6f75087213.tar.gz
#git_git.pokylinux.org.xsettings-daemon.tar.gz
#git_git.pokylinux.org.xsettings-daemon_0f174f463dfed500b65533e249cd22942e439c77.tar.gz
#git_git.pokylinux.org.yocto-kernel-tools.git.tar.gz
#git_git.pokylinux.org.yocto-kernel-tools.git_8832b75dc2e494ae96ca3e1dee7bfde2f3096904.tar.gz
#git_git.pokylinux.org.yocto-kernel-tools.git_fde7ef8fa8043607752563b9b7908f487eb2f7dd.tar.gz
#git_git.sv.gnu.org.qemu.git.tar.gz
#git_git.sv.gnu.org.qemu.git_72bb3c7571226af13cfe9eec020a56add3d30a70.tar.gz
#git_git.sv.gnu.org.qemu.git_9eab386edbf8cf002a731f8204a156f243a47a57.tar.gz
#git_github.com.ebassi.json-glib.git.tar.gz
#git_github.com.ebassi.json-glib.git_7411cadc0fdd9ffc2bd7004c9980913ac857a495.tar.gz
#git_github.com.ebassi.twitter-glib.git.tar.gz
#git_github.com.ebassi.twitter-glib.git_62b262bf7892b629f7de67498d58f549ffeb704e.tar.gz
#git_github.com.wrpseudo.pseudo.git.tar.gz
#git_github.com.wrpseudo.pseudo.git_086e65c90420b3d38f30c3cd81a0f8573f6f69cf.tar.gz
#git_github.com.wrpseudo.pseudo.git_489ed5e89f040febcb605f22187968f597211205.tar.gz
#git_github.com.wrpseudo.pseudo.git_551bf567c171c9f6f475f02de80e35df9563dce7.tar.gz
#git_github.com.wrpseudo.pseudo.git_5d027f78a6e677e9272a17555a83124026e6fb08.tar.gz
#git_github.com.wrpseudo.pseudo.git_6f8b09a6df61a547aa58d0748c0d1aba135d9b73.tar.gz
#git_github.com.wrpseudo.pseudo.git_973e40da8e5abb080cc0b9c9eaff4d84dea5b42c.tar.gz
#git_github.com.wrpseudo.pseudo.git_a1b25a64d8dd012bc8adcac1e1e09b6291c877ad.tar.gz
#git_github.com.wrpseudo.pseudo.git_b8e2778c1bb5654df478efe7d3861ed30529409b.tar.gz
#git_github.com.wrpseudo.pseudo.git_bcb42d80c0817da5479ab9c4f2cd8c4727e98ef8.tar.gz
#git_github.com.wrpseudo.pseudo.git_c9792c7acdb1cac90549ff08db12a8bf0c53cdcf.tar.gz
#git_github.com.wrpseudo.pseudo.git_d30de158c1986d2161647629f279018702a42750.tar.gz
#git_github.com.wrpseudo.pseudo.git_e3765ee9c9c2bccaa32fbe6426d4eb1bbcd214e7.tar.gz
#git_github.com.wrpseudo.pseudo.git_ecab857a8a1bd332d6539370c0f183c2b4f004f6.tar.gz
#git_gitorious.org.opensuse.libzypp.git.tar.gz
#git_gitorious.org.opensuse.libzypp.git_15b6c52260bbc52b3d8e585e271b67e10cc7c433.tar.gz
#git_gitorious.org.opensuse.libzypp.git_4494797d5b0369365b1af63921de45b197ead64f.tar.gz
#git_gitorious.org.opensuse.sat-solver.git.tar.gz
#git_gitorious.org.opensuse.sat-solver.git_9e1f2a097965debebc69cebf8ed73c6ff31a5220.tar.gz
#git_gitorious.org.opensuse.sat-solver.git_aa799f7bae0ec055e0e527203635001bb7346dbc.tar.gz
#git_gitorious.org.opensuse.zypper.git.tar.gz
#git_gitorious.org.opensuse.zypper.git_2c5bb6ceb99ecd950ef993e43d77bf0569ea0582.tar.gz
#git_gitorious.org.opensuse.zypper.git_9eb0e248e06c8d20ad054be2439149d9ede37531.tar.gz
#git_gitorious.org.x-loader.x-loader.git.tar.gz
#git_gitorious.org.x-loader.x-loader.git_6f3a26101303051e0f91b6213735b68ce804e94e.tar.gz
#git_moblin.org.repos.users.pippin.prototype.git._8f2cb524fe06555182c25b4ba3202d7b368ac0ce.tar.gz
#git_people.freedesktop.org.~jimmac.Darkilouche.git_b4ce102a303d1176107a9d9d28c14f7da78feedd.tar.gz
#git_sources.redhat.com.git.systemtap.git.tar.gz
#git_sources.redhat.com.git.systemtap.git_4ab3a1863bf4f472acae7a809bf2b38d91658aa8.tar.gz
gnu-config-20120814.tar.bz2
#gnu-config-yocto-20111111.tgz
#gnu-efi_3.0m.orig.tar.gz
gnu-efi_3.0u.orig.tar.gz
#gpu-viv-bin-mx6q-1.1.0.bin
#gpu-viv-bin-mx6q-12.09.01.bin
#gpu-viv-bin-mx6q-3.0.35-4.0.0.bin
#gpu-viv-bin-mx6q-3.10.17-1.0.0-beta-hfp.bin
#gpu-viv-bin-mx6q-3.10.17-1.0.0-hfp.bin
#gpu-viv-bin-mx6q-3.10.17-1.0.1-hfp.bin
gpu-viv-bin-mx6q-3.10.17-1.0.2-hfp.bin
gpu-viv-bin-mx6q-3.10.31-1.1.0-beta-hfp.bin
#gpu-viv-bin-mx6q-3.10.9-1.0.0-hfp.bin
#gpu-viv-bin-mx6q-3.5.7-1.0.0-alpha.2-hfp.bin
#gpu-viv-bin-mx6q-3.5.7-1.0.0-hfp.bin
#gsm_svn.openmoko.org_.trunk.src.target_4335_.tar.gz
gsm_svn.openmoko.org_.trunk.src.target_5394_.tar.gz
gtk-engine_svn.o-hand.com_.repos.sato.trunk_163_.tar.gz
guilt_0.33.orig.tar.gz
#hal-info-20090414.tar.gz
#hal-info-20091130.tar.gz
#heirloom-mailx_12.4-2.diff.gz
#heirloom-mailx_12.4.orig.tar.gz
heirloom-mailx_12.5-1.diff.gz
heirloom-mailx_12.5.orig.tar.gz
#hornsey-1.0_20091116.tar.bz2
#hx2750_base-r29.patch
#hx2750_base-r34.patch
#hx2750_bl-r9.patch
#hx2750_pcmcia-r2.patch
#hx2750_pcmcia-r3.patch
#hx2750_test1-r7.patch
#hx2750_test1-r8.patch
iain-mem-leak.patch
#icu4c-3_6-src.tgz
#icu4c-50_1-src.tgz
#icu4c-50_1_1-src.tgz
#icu4c-50_1_2-src.tgz
#icu4c-51_2-src.tgz
#icu4c-53_1-src.tgz
#icu4c-54_1-src.tgz
icu4c-55_1-src.tgz
#imx-gpu-viv-5.0.11.p4.1-hfp.bin
imx-gpu-viv-5.0.11.p4.4-hfp.bin
#index.php
input_power-r7.patch
input_power-r9.patch
integrator_rgb-r1.patch
#iputils-s20100418.tar.bz2
#iputils-s20101006.tar.bz2
iputils-s20121221.tar.bz2
#jpegsrc.v6b.tar.gz
#jpegsrc.v8b.tar.gz
#jpegsrc.v8c.tar.gz
jpegsrc.v8d.tar.gz
#kernel-source-rx-34_2.6.18-osso40.diff.gz
#kernel-source-rx-34_2.6.18.orig.tar.gz
#kernel-source-rx-34_2.6.21.0-osso71.diff.gz
#less-418.tar.gz
#less-436.tar.gz
#less-443.tar.gz
#less-444.tar.gz
#less-451.tar.gz
#less-456.tar.gz
#less-457.tar.gz
#less-458.tar.gz
#less-466.tar.gz
#less-470.tar.gz
less-471.tar.gz
#libaio_0.3.107.orig.tar.gz
#libaio_0.3.109.orig.tar.gz
libaio_0.3.110.orig.tar.gz
libarchive-2.8.4.yocto.1.tar.gz
#libcap2_2.22.orig.tar.gz
libcap2_2.24.orig.tar.xz
libcrypto-openssl-1.0.1-qat.L.0.4.0-012.tar.gz
libdrm-poulsbo_2.3.0-1ubuntu0sarvatt4~1004um1ubuntu1.tar.gz
#libevent-1.4.14b-stable.tar.gz
#libevent-2.0.16-stable.tar.gz
#libevent-2.0.21-stable.tar.gz
libevent-2.0.22-stable.tar.gz
libfakekey_svn.o-hand.com_.repos.matchbox.trunk_2031_.tar.gz
#libowl-av_svn.o-hand.com_.repos.misc.trunk_398_.tar.gz
libowl-av_svn.o-hand.com_.repos.misc.trunk_416_.tar.gz
libowl_svn.o-hand.com_.repos.misc.trunk_408_.tar.gz
#libpng-1.2.20.tar.bz2.1
libtirpc-glibc-nfs.tar.xz
#libva-1.0.15-1.1.i586.rpm
#libva-devel-1.0.15-1.1.i586.rpm
libva_0.31.0-1%2bsds9.1ubuntu1.tar.gz
libwsbm-cdv-1.1.0-3.1.i586.rpm
libwsbm-cdv-devel-1.1.0-3.1.i586.rpm
libz160-bin-11.09.01.bin
linuxdoc-tools_0.9.69.orig.tar.gz
lms%2b7.1.20.25.zip
locomo_kbd_tweak-r1.patch
locomo_kbd_tweak-r2.patch
locomo_led_fix-r0.patch
logo_oh-r1.patch.bz2
#ltp-full-20110915.bz2
#ltp-full-20120104.bz2
#ltp-full-20120401.bz2
#ltp-full-20120614.bz2
#ltp-full-20120903.bz2
#ltp-full-20130109.bz2
#ltp-full-20130503.bz2
ltp-full-20130904.tar.bz2
lzma465.tar.bz2
#lzo_crypto-r0b.patch
#lzo_crypto-r2.patch
#lzo_jffs2-r0.patch
#lzo_jffs2-r3.patch
#lzo_jffs2_lzomode-r0.patch
#lzo_jffs2_lzomode-r1.patch
#lzo_jffs2_sysfs-r0.patch
#lzo_jffs2_sysfs-r1.patch
#lzo_kernel-r0.patch
#matchbox-config-gtk_svn.o-hand.com_.repos.matchbox.trunk_1614_.tar.gz
matchbox-config-gtk_svn.o-hand.com_.repos.matchbox.trunk_2081_.tar.gz
matchbox-desktop-2_svn.o-hand.com_.repos.matchbox.trunk_2096_.tar.gz
#matchbox-keyboard_svn.o-hand.com_.repos.matchbox.trunk_1910_.tar.gz
matchbox-keyboard_svn.o-hand.com_.repos.matchbox.trunk_2075_.tar.gz
#matchbox-panel-2_svn.o-hand.com_.repos.matchbox.trunk_2088_.tar.gz
#matchbox-panel-2_svn.o-hand.com_.repos.matchbox.trunk_2109_.tar.gz
matchbox-panel-2_svn.o-hand.com_.repos.matchbox.trunk_2111_.tar.gz
matchbox-sato_svn.o-hand.com_.repos.sato.trunk_164_.tar.gz
#matchbox-sato_svn.o-hand.com_.repos.sato.trunk_94_.tar.gz
#matchbox-stroke_svn.o-hand.com_.repos.matchbox.trunk_1524_.tar.gz
matchbox-stroke_svn.o-hand.com_.repos.matchbox.trunk_1820_.tar.gz
matchbox-terminal_svn.o-hand.com_.repos.matchbox.trunk_1816_.tar.gz
matchbox-themes-extra_svn.o-hand.com_.repos.matchbox.trunk_1524_.tar.gz
#matchbox-window-manager-2_svn.o-hand.com_.repos.matchbox.trunk_2083_.tar.gz
matchbox-window-manager-2_svn.o-hand.com_.repos.matchbox.trunk_2106_.tar.gz
#matchbox-window-manager_svn.o-hand.com_.repos.matchbox.trunk_1524_.tar.gz
matchbox-window-manager_svn.o-hand.com_.repos.matchbox.trunk_1819_.tar.gz
microcode-20140624.tgz
midori_0.5.5_all_.tar.bz2
mkelfImage_coreboot.org_.coreboot.trunk.util_6637_.tar.gz
#mmcsd_large_cards-r1.patch
#mmcsd_no_scr_check-r2.patch
#ncurses-5.7-20100424-patch.sh.bz2
#ncurses-5.7-20100501.patch.gz
net-tools_1.60-23.diff.gz
net-tools_1.60-24.2.diff.gz
net-tools_1.60-25.diff.gz
net-tools_1.60.orig.tar.gz
#ocf-linux-20100325.tar.gz
ocf-linux-20120127.tar.gz
#offscreen_hg.mozilla.org_.incubator_177d8b8bda61.tar.gz
oh-puzzles_svn.o-hand.com_.repos._23_.tar.gz
#opkg-utils_svn.openmoko.org_.trunk.src.host._4534_.tar.gz
opkg-utils_svn.openmoko.org_.trunk.src.host._4747_.tar.gz
patch-3.10.17-rt12.patch.bz2
#pcmciautils-014.tar.bz2
#pcmciautils-017.tar.bz2
pcmciautils-018.tar.bz2
pm_changes-r1.patch
pmount_0.9.23.orig.tar.bz2
poodle_asoc_fix-r1.patch
poodle_lcd_hack-r0.patch
poodle_pm-r4.patch
poodle_pm-r6.patch
prelink_0.0.20061027.orig.tar.gz
primary.tar.bz2
psb-firmware_0.30-0ubuntu1netbook1ubuntu1.tar.gz
psb-kernel-source_4.42.0-0ubuntu2~1004um2.tar.gz
#psb-video-cdv-0.12-1.1.i586.rpm
#psb-video-cdv-0.16-1.1.i586.rpm
#psb-video-cdv-0.17-2.1.i586.rpm
psb-video-cdv-1.0.3-1.1.i586.rpm
#psplash_svn.o-hand.com_.repos.misc.trunk_422_.tar.gz
psplash_svn.o-hand.com_.repos.misc.trunk_424_.tar.gz
pthreads-w32-2-9-1-release.tar.gz
#puzzles-r9084.tar.gz
#puzzles-r9175.tar.gz
#puzzles-r9306.tar.gz
#puzzles-r9375.tar.gz
puzzles-r9561.tar.gz
puzzles_ixion.tartarus.org_.main_7593_.tar.gz
#puzzles_svn.tartarus.org_.sgt_10116_.tar.gz
puzzles_svn.tartarus.org_.sgt_10286_.tar.gz
#puzzles_svn.tartarus.org_.sgt_9561_.tar.gz
#puzzles_svn.tartarus.org_.sgt_9594_.tar.gz
#puzzles_svn.tartarus.org_.sgt_9660_.tar.gz
#puzzles_svn.tartarus.org_.sgt_9712_.tar.gz
#puzzles_svn.tartarus.org_.sgt_9733_.tar.gz
#puzzles_svn.tartarus.org_.sgt_9751_.tar.gz
#puzzles_svn.tartarus.org_.sgt_9765_.tar.gz
#pvr-bin-cdv-1.0.3-1.1.i586.rpm
#pvr-bin-cdv-1.7.788837_05-1.1.i586.rpm
#pvr-bin-cdv-1.7.788837_10-1.1.i586.rpm
pvr-bin-cdv-1.7.862890_05-1.1.i586.rpm
pvr-bin-cdv-devel-1.0.3-1.1.i586.rpm
pxa-linking-bug.patch
pxa25x_cpufreq-r2.patch
pxa25x_suspend_fixes-r0.patch
pxa27x_overlay-r6.patch
pxa_cf_initorder_hack-r1.patch
pxa_keys-r7.patch
pxa_keys-r9.patch
r119.tar.gz
#readline52-001
#readline52-002
#readline52-003
#readline52-004
#readline52-005
#readline52-006
#readline52-007
#readline52-008
#readline52-009
#readline52-010
#readline52-011
#readline52-012
#readline52-013
#readline52-014
readline62-001
readline62-002
readline62-003
readline62-004
report.cgi
ribosome-22102008.tar.bz2
#rpm-5.4.0-0.20101229.src.rpm
rpm-5.4.14-0.20131024.src.rpm
#rpm-5.4.9-0.20120508.src.rpm
screen_4.0.3-11%2blenny1.diff.gz
screen_4.0.3-14.diff.gz
#screenshot_svn.o-hand.com_.repos.misc.trunk_288_.tar.gz
screenshot_svn.o-hand.com_.repos.misc.trunk_292_.tar.gz
serf_1.3.8.orig.tar.gz
settings-daemon_svn.o-hand.com_.repos.matchbox.trunk_2059_.tar.gz
setuptools-0.6c11.tar.gz
sharpsl_pm_fixes1-r0.patch
spitzkbd_fix-r0.patch
#sqlite-autoconf-3070500.tar.gz
#sqlite-autoconf-3070602.tar.gz
#sqlite-autoconf-3070701.tar.gz
#sqlite-autoconf-3070900.tar.gz
#sqlite-autoconf-3071000.tar.gz
#sqlite-autoconf-3071100.tar.gz
#sqlite-autoconf-3071300.tar.gz
#sqlite-autoconf-3071401.tar.gz
#sqlite-autoconf-3071500.tar.gz
#sqlite-autoconf-3071501.tar.gz
#sqlite-autoconf-3071502.tar.gz
#sqlite-autoconf-3071602.tar.gz
#sqlite-autoconf-3071700.tar.gz
#sqlite-autoconf-3080002.tar.gz
#sqlite-autoconf-3080301.tar.gz
#sqlite-autoconf-3080403.tar.gz
#sqlite-autoconf-3080500.tar.gz
#sqlite-autoconf-3080600.tar.gz
#sqlite-autoconf-3080704.tar.gz
sqlite-autoconf-3081000.tar.gz
#squashfs4.2.tar.gz
squashfs4.3.tar.gz
sudo-1.6.8p12.patch.gz
#systemd-196.tar.xz
#systemd-199.tar.xz
#systemd-204.tar.xz
#systemd-206.tar.xz
#systemd-208.tar.xz
systemd-209.tar.xz
sysvinit-2.88dsf.tar.bz2
tags.0.3.0._dev.eclipse.org_.svnroot.dsdp.org.eclipse.tm.tcf._1078_.tar.gz
#tcl8.4.19-src.tar.gz
#tcl8.5.10-src.tar.gz
#tcl8.5.11-src.tar.gz
#tcl8.5.13-src.tar.gz
#tcl8.5.8-src.tar.gz
#tcl8.5.9-src.tar.gz
#tcl8.6.0-src.tar.gz
#tcl8.6.1-src.tar.gz
#tcl8.6.2-src.tar.gz
#tcl8.6.3-src.tar.gz
tcl8.6.4-src.tar.gz
test-aspell.tar.gz
#test-xvideo_svn.o-hand.com_.repos.misc.trunk_270_.tar.gz
test-xvideo_svn.o-hand.com_.repos.misc.trunk_272_.tar.gz
transfig.3.2.5d.tar.gz
#trunk_developer.imendio.com_.svn.gconf-dbus_693_.tar.gz
trunk_developer.imendio.com_.svn.gconf-dbus_705_.tar.gz
#trunk_lz4.googlecode.com_.svn._112_.tar.gz
#trunk_lz4.googlecode.com_.svn._119_.tar.gz
#trunk_lz4.googlecode.com_.svn._120_.tar.gz
#trunk_lz4.googlecode.com_.svn._122_.tar.gz
#trunk_lz4.googlecode.com_.svn._123_.tar.gz
trunk_lz4.googlecode.com_.svn._127_.tar.gz
#trunk_opkg.googlecode.com_.svn_518_.tar.gz
#trunk_opkg.googlecode.com_.svn_590_.tar.gz
#trunk_opkg.googlecode.com_.svn_596_.tar.gz
#trunk_opkg.googlecode.com_.svn_609_.tar.gz
#trunk_opkg.googlecode.com_.svn_625_.tar.gz
#trunk_opkg.googlecode.com_.svn_633_.tar.gz
#trunk_opkg.googlecode.com_.svn_649_.tar.gz
#trunk_opkg.googlecode.com_.svn_650_.tar.gz
trunk_opkg.googlecode.com_.svn_653_.tar.gz
trunk_svn.code.sf.net_.p.unfs3.code_490_.tar.gz
trunk_svn.gnome.org_.svn.NetworkManager._2984_.tar.gz
trunk_svn.gnome.org_.svn.gnet._495_.tar.gz
#trunk_svn.gnome.org_.svn.gtkhtml2._1144_.tar.gz
trunk_svn.gnome.org_.svn.gtkhtml2._1161_.tar.gz
trunk_svn.gnome.org_.svn.librsvg_1193_.tar.gz
trunk_svn.gnome.org_.svn.network-manager-applet._263_.tar.gz
#trunk_svn.o-hand.com_.repos.oprofileui_194_.tar.gz
trunk_svn.o-hand.com_.repos.oprofileui_197_.tar.gz
trunk_svn.o-hand.com_.repos.web_129_.tar.gz
#trunk_svn.o-hand.com_.repos.web_97_.tar.gz
#trunk_ubootchart.googlecode.com_.svn._10_.tar.gz
trunk_ubootchart.googlecode.com_.svn._12_.tar.gz
#tsc2101-r16.patch
#tsc2101-r19.patch
#tzcode2009r.tar.gz
#tzcode2011g.tar.gz
#tzcode2011i.tar.gz
#tzcode2012j.tar.gz
#tzcode2013b.tar.gz
#tzcode2013c.tar.gz
#tzcode2013d.tar.gz
#tzcode2013g.tar.gz
#tzcode2013h.tar.gz
#tzcode2013i.tar.gz
#tzcode2014c.tar.gz
#tzcode2014d.tar.gz
#tzcode2014e.tar.gz
#tzcode2014f.tar.gz
#tzcode2014g.tar.gz
#tzcode2014h.tar.gz
#tzcode2014i.tar.gz
#tzcode2014j.tar.gz
#tzcode2015a.tar.gz
#tzcode2015b.tar.gz
#tzcode2015c.tar.gz
tzcode2015d.tar.gz
#tzdata2009s.tar.gz
#tzdata2010j.tar.gz
#tzdata2010o.tar.gz
#tzdata2011g.tar.gz
#tzdata2011h.tar.gz
#tzdata2011i.tar.gz
#tzdata2011k.tar.gz
#tzdata2011l.tar.gz
#tzdata2011n.tar.gz
#tzdata2012b.tar.gz
#tzdata2012c.tar.gz
#tzdata2012d.tar.gz
#tzdata2012j.tar.gz
#tzdata2013b.tar.gz
#tzdata2013d.tar.gz
#tzdata2013g.tar.gz
#tzdata2013h.tar.gz
#tzdata2013i.tar.gz
#tzdata2014c.tar.gz
#tzdata2014d.tar.gz
#tzdata2014e.tar.gz
#tzdata2014f.tar.gz
#tzdata2014g.tar.gz
#tzdata2014h.tar.gz
#tzdata2014i.tar.gz
#tzdata2014j.tar.gz
#tzdata2015a.tar.gz
#tzdata2015b.tar.gz
#tzdata2015c.tar.gz
tzdata2015d.tar.gz
#udev-124.tar.gz
#udev-141.tar.gz
#udev-158.tar.gz
#udev-164.tar.gz
udev-182.tar.gz
#udev_172.orig.tar.bz2
#unzip552.tar.gz
unzip60.tgz
usb_add_epalloc-r3.patch
usb_pxa27x_udc-r6.patch
#usbutils-006.tar.gz
#usbutils-007.tar.gz
usbutils-008.tar.gz
v1.0.0.tar.gz
video_svn.o-hand.com_.repos.misc.trunk_394_.tar.gz
w100_extaccel-r2.patch
w100_extmem-r1.patch
#watchdog-5.12.tar.gz.1
#watchdog-5.12.tar.gz.2
#watchdog-5.12.tar.gz.3
#watchdog-5.12.tar.gz.4
#webkit_svn.o-hand.com_.repos.web.branches_109_.tar.gz
#webkit_svn.o-hand.com_.repos.web.branches_110_.tar.gz
webkit_svn.o-hand.com_.repos.web.branches_130_.tar.gz
#wireless_tools.29.tar.gz
wireless_tools.30.pre9.tar.gz
#x32_gcc.gnu.org_.svn.gcc.branches._177844_.tar.gz
xmlts20080827.tar.gz
#xorg-server_1.1.99.3-0osso31.tar.gz
xpsb-glx_0.18-0ubuntu1netbook2~1004um1ubuntu1.tar.gz
xserver-xorg-video-imx-viv-3.10.17-1.0.0_beta.tar.gz
#xserver-xorg-video-imx-viv-3.5.7-1.0.0-alpha.2.tar.gz
xserver-xorg-video-imx-viv-5.0.11.p4.4.tar.gz
xserver-xorg-video-psb_0.36.0-0ubuntu3~1004um9.tar.gz
xterm-207.tar.gz
yaffs2_cvs.aleph1.co.uk__20071107.tar.gz
#zaurusd_svn.o-hand.com_.repos.misc.trunk_358_.tar.gz
zaurusd_svn.o-hand.com_.repos.misc.trunk_426_.tar.gz
#zip232.tar.gz
zip30.tgz
zlib-1.2.7-qat.L.0.4.0-011.tar.gz
